#-----------------------------------------------------------
# Vivado v2023.2 (64-bit)
# SW Build 4029153 on Fri Oct 13 20:13:54 MDT 2023
# IP Build 4028589 on Sat Oct 14 00:45:43 MDT 2023
# SharedData Build 4025554 on Tue Oct 10 17:18:54 MDT 2023
# Start of session at: Thu May 23 06:50:52 2024
# Process ID: 1442743
# Current directory: /doc/zgl/resamplesource/5.22_183/Verilog_hdlsrc/sampleModel61442_pp_12_1_sub_o9_6
# Command line: vivado -mode batch -source /doc/zgl/resamplesource/5.22_183/Verilog_hdlsrc/sampleModel61442_pp_12_1_sub_o9_6/vivado_rtl2syn.tcl
# Log file: /doc/zgl/resamplesource/5.22_183/Verilog_hdlsrc/sampleModel61442_pp_12_1_sub_o9_6/vivado.log
# Journal file: /doc/zgl/resamplesource/5.22_183/Verilog_hdlsrc/sampleModel61442_pp_12_1_sub_o9_6/vivado.jou
# Running On: user-System-Product-Name, OS: Linux, CPU Frequency: 5494.216 MHz, CPU Physical cores: 24, Host memory: 134788 MB
#-----------------------------------------------------------
source /doc/zgl/resamplesource/5.22_183/Verilog_hdlsrc/sampleModel61442_pp_12_1_sub_o9_6/vivado_rtl2syn.tcl
